hello world

liuyuzhong`
yiyiyi
